[backblue.gif]
[fade.gif]
[index.html]
[theme.nileforest.com/html/mazel-v1.4/01_mazel_multiprapose/img/favicon.ico]
[theme.nileforest.com/html/mazel-v1.4/01_mazel_multiprapose/img/favicon.png]
[theme.nileforest.com/html/mazel-v1.4/01_mazel_multiprapose/img/logo-white.png]
[theme.nileforest.com/html/mazel-v1.4/01_mazel_multiprapose/img/logo-black.png]
[theme.nileforest.com/html/mazel-v1.4/01_mazel_multiprapose/img/full/21.jpg]
[theme.nileforest.com/html/mazel-v1.4/01_mazel_multiprapose/img/demo/img-01-h-default.png]
[theme.nileforest.com/html/mazel-v1.4/01_mazel_multiprapose/img/demo/img-02-h-video.png]
[theme.nileforest.com/html/mazel-v1.4/01_mazel_multiprapose/img/demo/img-03-h-youtube.png]
[theme.nileforest.com/html/mazel-v1.4/01_mazel_multiprapose/img/demo/img-04-h-static.png]
[theme.nileforest.com/html/mazel-v1.4/01_mazel_multiprapose/img/demo/img-05-h-pattern.png]
[theme.nileforest.com/html/mazel-v1.4/01_mazel_multiprapose/img/demo/img-06-h-fullwidthSlider.png]
[theme.nileforest.com/html/mazel-v1.4/01_mazel_multiprapose/img/demo/img-07-h-fullscreen.png]
[theme.nileforest.com/html/mazel-v1.4/01_mazel_multiprapose/img/demo/img-08-h-textRotator1.png]
[theme.nileforest.com/html/mazel-v1.4/01_mazel_multiprapose/img/demo/img-09-h-textRotator2.png]
[theme.nileforest.com/html/mazel-v1.4/01_mazel_multiprapose/img/demo/img-10-h-agency-grid.png]
[theme.nileforest.com/html/mazel-v1.4/01_mazel_multiprapose/img/demo/img-11-h-agency-Masonry.png]
[theme.nileforest.com/html/mazel-v1.4/01_mazel_multiprapose/img/demo/img-12-h-personal.png]
[theme.nileforest.com/html/mazel-v1.4/01_mazel_multiprapose/img/demo/img-13-h-pageSectionScroll.png]
[theme.nileforest.com/html/mazel-v1.4/01_mazel_multiprapose/img/demo/img-14-h-shop.png]
[theme.nileforest.com/html/mazel-v1.4/01_mazel_multiprapose/img/demo/img-15-h-commingSoon.png]
[theme.nileforest.com/html/mazel-v1.4/01_mazel_multiprapose/img/demo/img-16-h-revslider1.png]
[theme.nileforest.com/html/mazel-v1.4/01_mazel_multiprapose/img/demo/img-17-h-revslider2.png]
[theme.nileforest.com/html/mazel-v1.4/01_mazel_multiprapose/img/demo/img-001-o-default.png]
[theme.nileforest.com/html/mazel-v1.4/01_mazel_multiprapose/img/demo/img-002-o-video.png]
[theme.nileforest.com/html/mazel-v1.4/01_mazel_multiprapose/img/demo/img-003-o-youtube.png]
[theme.nileforest.com/html/mazel-v1.4/01_mazel_multiprapose/img/demo/img-004-o-static.png]
[theme.nileforest.com/html/mazel-v1.4/01_mazel_multiprapose/img/demo/img-005-o-pattern.png]
[theme.nileforest.com/html/mazel-v1.4/01_mazel_multiprapose/img/demo/img-006-o-fullwidthSlider.png]
[theme.nileforest.com/html/mazel-v1.4/01_mazel_multiprapose/img/demo/img-007-o-textRotator1.png]
[theme.nileforest.com/html/mazel-v1.4/01_mazel_multiprapose/img/demo/img-008-o-textRotator2.png]
[theme.nileforest.com/html/mazel-v1.4/01_mazel_multiprapose/img/demo/img-009-o-personal.png]
[theme.nileforest.com/html/mazel-v1.4/01_mazel_multiprapose/img/demo/img-010-o-revslider1.png]
[theme.nileforest.com/html/mazel-v1.4/01_mazel_multiprapose/img/demo/img-011-o-revslider2.png]
[theme.nileforest.com/html/mazel-v1.4/01_mazel_multiprapose/js/jquery-1.11.2.min.js]
[theme.nileforest.com/html/mazel-v1.4/01_mazel_multiprapose/js/jquery-ui.min.js]
[theme.nileforest.com/html/mazel-v1.4/01_mazel_multiprapose/js/plugin/jquery.easing.js]
[theme.nileforest.com/html/mazel-v1.4/01_mazel_multiprapose/js/plugin/jquery.fitvids.js]
[theme.nileforest.com/html/mazel-v1.4/01_mazel_multiprapose/js/plugin/jquery.viewportchecker.js]
[theme.nileforest.com/html/mazel-v1.4/01_mazel_multiprapose/js/plugin/jquery.stellar.min.js]
[theme.nileforest.com/html/mazel-v1.4/01_mazel_multiprapose/js/plugin/wow.min.js]
[theme.nileforest.com/html/mazel-v1.4/01_mazel_multiprapose/js/plugin/jquery.colorbox-min.js]
[theme.nileforest.com/html/mazel-v1.4/01_mazel_multiprapose/js/plugin/owl.carousel.min.js]
[theme.nileforest.com/html/mazel-v1.4/01_mazel_multiprapose/js/plugin/isotope.pkgd.min.js]
[theme.nileforest.com/html/mazel-v1.4/01_mazel_multiprapose/js/plugin/masonry.pkgd.min.js]
[theme.nileforest.com/html/mazel-v1.4/01_mazel_multiprapose/js/plugin/imagesloaded.pkgd.min.js]
[theme.nileforest.com/html/mazel-v1.4/01_mazel_multiprapose/js/plugin/jquery.fs.tipper.min.js]
[theme.nileforest.com/html/mazel-v1.4/01_mazel_multiprapose/js/plugin/mediaelement-and-player.min.js]
[theme.nileforest.com/html/mazel-v1.4/01_mazel_multiprapose/js/plugin/sidebar-menu.js]
[theme.nileforest.com/html/mazel-v1.4/01_mazel_multiprapose/js/theme.js]
[theme.nileforest.com/html/mazel-v1.4/01_mazel_multiprapose/js/navigation.js]
[theme.nileforest.com/html/mazel-v1.4/01_mazel_multiprapose/index.html]
[theme.nileforest.com/html/mazel-v1.4/01_mazel_multiprapose/img/full/01.jpg]
[theme.nileforest.com/html/mazel-v1.4/01_mazel_multiprapose/img/full/02.jpg]
[theme.nileforest.com/html/mazel-v1.4/01_mazel_multiprapose/img/full/03.jpg]
[theme.nileforest.com/html/mazel-v1.4/01_mazel_multiprapose/img/full/04.jpg]
[theme.nileforest.com/html/mazel-v1.4/01_mazel_multiprapose/img/full/05.jpg]
[theme.nileforest.com/html/mazel-v1.4/01_mazel_multiprapose/img/full/06.jpg]
[theme.nileforest.com/html/mazel-v1.4/01_mazel_multiprapose/img/full/07.jpg]
[theme.nileforest.com/html/mazel-v1.4/01_mazel_multiprapose/img/full/08.jpg]
[theme.nileforest.com/html/mazel-v1.4/01_mazel_multiprapose/img/full/09.jpg]
[theme.nileforest.com/html/mazel-v1.4/01_mazel_multiprapose/img/full/10.jpg]
[theme.nileforest.com/html/mazel-v1.4/01_mazel_multiprapose/img/full/11.jpg]
[theme.nileforest.com/html/mazel-v1.4/01_mazel_multiprapose/img/full/12.jpg]
[theme.nileforest.com/html/mazel-v1.4/01_mazel_multiprapose/img/full/13.jpg]
[theme.nileforest.com/html/mazel-v1.4/01_mazel_multiprapose/img/full/14.jpg]
[theme.nileforest.com/html/mazel-v1.4/01_mazel_multiprapose/img/full/15.jpg]
[theme.nileforest.com/html/mazel-v1.4/01_mazel_multiprapose/img/full/16.jpg]
[theme.nileforest.com/html/mazel-v1.4/01_mazel_multiprapose/img/full/17.jpg]
[theme.nileforest.com/html/mazel-v1.4/01_mazel_multiprapose/img/full/18.jpg]
[theme.nileforest.com/html/mazel-v1.4/01_mazel_multiprapose/img/full/19.jpg]
[theme.nileforest.com/html/mazel-v1.4/01_mazel_multiprapose/img/full/20.jpg]
[theme.nileforest.com/html/mazel-v1.4/01_mazel_multiprapose/img/full/22.jpg]
[theme.nileforest.com/html/mazel-v1.4/01_mazel_multiprapose/img/full/23.jpg]
[theme.nileforest.com/html/mazel-v1.4/01_mazel_multiprapose/img/full/24.jpg]
[theme.nileforest.com/html/mazel-v1.4/01_mazel_multiprapose/img/full/25.jpg]
[theme.nileforest.com/html/mazel-v1.4/01_mazel_multiprapose/img/full/26.jpg]
[theme.nileforest.com/html/mazel-v1.4/01_mazel_multiprapose/img/full/27.jpg]
[theme.nileforest.com/html/mazel-v1.4/01_mazel_multiprapose/img/full/28.jpg]
[theme.nileforest.com/html/mazel-v1.4/01_mazel_multiprapose/img/full/29.jpg]
[theme.nileforest.com/html/mazel-v1.4/01_mazel_multiprapose/img/full/30.jpg]
[theme.nileforest.com/html/mazel-v1.4/01_mazel_multiprapose/img/loading.gif]
[theme.nileforest.com/html/mazel-v1.4/01_mazel_multiprapose/css/style.css]
[theme.nileforest.com/html/mazel-v1.4/01_mazel_multiprapose/css/bootstrap.css]
[theme.nileforest.com/html/mazel-v1.4/01_mazel_multiprapose/fonts/fontawesome-webfont78ce.eot]
[theme.nileforest.com/html/mazel-v1.4/01_mazel_multiprapose/fonts/fontawesome-webfontd41d.eot]
[theme.nileforest.com/html/mazel-v1.4/01_mazel_multiprapose/fonts/fontawesome-webfont78ce.woff]
[theme.nileforest.com/html/mazel-v1.4/01_mazel_multiprapose/fonts/fontawesome-webfont78ce.ttf]
[theme.nileforest.com/html/mazel-v1.4/01_mazel_multiprapose/css/font-awesome.css]
[theme.nileforest.com/html/mazel-v1.4/01_mazel_multiprapose/fonts/ionicons28b5.eot]
[theme.nileforest.com/html/mazel-v1.4/01_mazel_multiprapose/fonts/ionicons28b5.ttf]
[theme.nileforest.com/html/mazel-v1.4/01_mazel_multiprapose/fonts/ionicons28b5.woff]
[theme.nileforest.com/html/mazel-v1.4/01_mazel_multiprapose/css/ionicons.css]
[theme.nileforest.com/html/mazel-v1.4/01_mazel_multiprapose/css/plugin/sidebar-menu.css]
[theme.nileforest.com/html/mazel-v1.4/01_mazel_multiprapose/css/plugin/animate.css]
[theme.nileforest.com/html/mazel-v1.4/01_mazel_multiprapose/css/jquery-ui.css]
[theme.nileforest.com/html/mazel-v1.4/01_mazel_multiprapose/img/product/02.jpg]
[theme.nileforest.com/html/mazel-v1.4/01_mazel_multiprapose/img/product/06.jpg]
[theme.nileforest.com/html/mazel-v1.4/01_mazel_multiprapose/img/portfolio/1.jpg]
[theme.nileforest.com/html/mazel-v1.4/01_mazel_multiprapose/img/portfolio/2.jpg]
[theme.nileforest.com/html/mazel-v1.4/01_mazel_multiprapose/img/portfolio/3.jpg]
[theme.nileforest.com/html/mazel-v1.4/01_mazel_multiprapose/img/portfolio/4.jpg]
[theme.nileforest.com/html/mazel-v1.4/01_mazel_multiprapose/img/portfolio/5.jpg]
[theme.nileforest.com/html/mazel-v1.4/01_mazel_multiprapose/img/portfolio/6.jpg]
[theme.nileforest.com/html/mazel-v1.4/01_mazel_multiprapose/img/portfolio/7.jpg]
[theme.nileforest.com/html/mazel-v1.4/01_mazel_multiprapose/img/portfolio/8.jpg]
[theme.nileforest.com/html/mazel-v1.4/01_mazel_multiprapose/img/moc-1.png]
[theme.nileforest.com/html/mazel-v1.4/01_mazel_multiprapose/img/moc-2.png]
[theme.nileforest.com/html/mazel-v1.4/01_mazel_multiprapose/img/moc-3.png]
[theme.nileforest.com/html/mazel-v1.4/01_mazel_multiprapose/media/video1.mp4]
[theme.nileforest.com/html/mazel-v1.4/01_mazel_multiprapose/media/video1.webm]
[theme.nileforest.com/html/mazel-v1.4/01_mazel_multiprapose/media/video1.ogv]
[theme.nileforest.com/html/mazel-v1.4/01_mazel_multiprapose/img/product/07.jpg]
[theme.nileforest.com/html/mazel-v1.4/01_mazel_multiprapose/img/product/01.jpg]
[theme.nileforest.com/html/mazel-v1.4/01_mazel_multiprapose/img/product/03.jpg]
[theme.nileforest.com/html/mazel-v1.4/01_mazel_multiprapose/img/logos/01.png]
[theme.nileforest.com/html/mazel-v1.4/01_mazel_multiprapose/img/logos/02.png]
[theme.nileforest.com/html/mazel-v1.4/01_mazel_multiprapose/img/logos/03.png]
[theme.nileforest.com/html/mazel-v1.4/01_mazel_multiprapose/img/logos/04.png]
[theme.nileforest.com/html/mazel-v1.4/01_mazel_multiprapose/img/logos/05.png]
[theme.nileforest.com/html/mazel-v1.4/01_mazel_multiprapose/img/logos/06.png]
[theme.nileforest.com/html/mazel-v1.4/01_mazel_multiprapose/img/logos/08.png]
[theme.nileforest.com/html/mazel-v1.4/01_mazel_multiprapose/js/bootstrap.min.js]
[theme.nileforest.com/html/mazel-v1.4/01_mazel_multiprapose/js/plugin/jquery.flexslider.js]
[theme.nileforest.com/html/mazel-v1.4/01_mazel_multiprapose/home.html]
[theme.nileforest.com/html/mazel-v1.4/01_mazel_multiprapose/img/portfolio/9.jpg]
[theme.nileforest.com/html/mazel-v1.4/01_mazel_multiprapose/img/portfolio/10.jpg]
[theme.nileforest.com/html/mazel-v1.4/01_mazel_multiprapose/img/portfolio/11.jpg]
[theme.nileforest.com/html/mazel-v1.4/01_mazel_multiprapose/img/portfolio/12.jpg]
[theme.nileforest.com/html/mazel-v1.4/01_mazel_multiprapose/img/portfolio/13.jpg]
[theme.nileforest.com/html/mazel-v1.4/01_mazel_multiprapose/portfolio-grid-2col.html]
[theme.nileforest.com/html/mazel-v1.4/01_mazel_multiprapose/js/plugin/jquery.validate.min.js]
[theme.nileforest.com/html/mazel-v1.4/01_mazel_multiprapose/login-register.html]
[theme.nileforest.com/html/mazel-v1.4/01_mazel_multiprapose/faq-1.html]
[theme.nileforest.com/html/mazel-v1.4/01_mazel_multiprapose/img/team/people-1.jpg]
[theme.nileforest.com/html/mazel-v1.4/01_mazel_multiprapose/img/team/people-2.jpg]
[theme.nileforest.com/html/mazel-v1.4/01_mazel_multiprapose/img/team/people-3.jpg]
[theme.nileforest.com/html/mazel-v1.4/01_mazel_multiprapose/img/team/people-4.jpg]
[theme.nileforest.com/html/mazel-v1.4/01_mazel_multiprapose/about-1.html]
[theme.nileforest.com/html/mazel-v1.4/01_mazel_multiprapose/service-1.html]
[theme.nileforest.com/html/mazel-v1.4/01_mazel_multiprapose/media/track1.mp3]
[theme.nileforest.com/html/mazel-v1.4/01_mazel_multiprapose/blog-grid-3col.html]
[theme.nileforest.com/html/mazel-v1.4/01_mazel_multiprapose/404-error-1.html]
[theme.nileforest.com/html/mazel-v1.4/01_mazel_multiprapose/shop-checkout.html]
[theme.nileforest.com/html/mazel-v1.4/01_mazel_multiprapose/js/map.js]
[theme.nileforest.com/html/mazel-v1.4/01_mazel_multiprapose/js/contact-form.js]
[theme.nileforest.com/html/mazel-v1.4/01_mazel_multiprapose/contact-1.html]
[theme.nileforest.com/html/mazel-v1.4/01_mazel_multiprapose/media/video1_poster.jpg]
[theme.nileforest.com/html/mazel-v1.4/01_mazel_multiprapose/plugin/rs-plugin/js/jquery.themepunch.tools.min.js]
[theme.nileforest.com/html/mazel-v1.4/01_mazel_multiprapose/plugin/rs-plugin/js/jquery.themepunch.revolution.min.js]
[theme.nileforest.com/html/mazel-v1.4/01_mazel_multiprapose/js/revolution-slider.js]
[theme.nileforest.com/html/mazel-v1.4/01_mazel_multiprapose/home-video.html]
[theme.nileforest.com/html/mazel-v1.4/01_mazel_multiprapose/js/plugin/jquery.mb.YTPlayer.min.js]
[theme.nileforest.com/html/mazel-v1.4/01_mazel_multiprapose/home-youtube.html]
[theme.nileforest.com/html/mazel-v1.4/01_mazel_multiprapose/home-static.html]
[theme.nileforest.com/html/mazel-v1.4/01_mazel_multiprapose/home-agency-grid.html]
[theme.nileforest.com/html/mazel-v1.4/01_mazel_multiprapose/img/portfolio/14.jpg]
[theme.nileforest.com/html/mazel-v1.4/01_mazel_multiprapose/img/portfolio/17.jpg]
[theme.nileforest.com/html/mazel-v1.4/01_mazel_multiprapose/img/portfolio/34.jpg]
[theme.nileforest.com/html/mazel-v1.4/01_mazel_multiprapose/img/portfolio/32.jpg]
[theme.nileforest.com/html/mazel-v1.4/01_mazel_multiprapose/img/portfolio/21.jpg]
[theme.nileforest.com/html/mazel-v1.4/01_mazel_multiprapose/img/portfolio/22.jpg]
[theme.nileforest.com/html/mazel-v1.4/01_mazel_multiprapose/img/portfolio/29.jpg]
[theme.nileforest.com/html/mazel-v1.4/01_mazel_multiprapose/img/portfolio/23.jpg]
[theme.nileforest.com/html/mazel-v1.4/01_mazel_multiprapose/img/portfolio/24.jpg]
[theme.nileforest.com/html/mazel-v1.4/01_mazel_multiprapose/img/portfolio/25.jpg]
[theme.nileforest.com/html/mazel-v1.4/01_mazel_multiprapose/img/portfolio/33.jpg]
[theme.nileforest.com/html/mazel-v1.4/01_mazel_multiprapose/img/portfolio/27.jpg]
[theme.nileforest.com/html/mazel-v1.4/01_mazel_multiprapose/img/portfolio/18.jpg]
[theme.nileforest.com/html/mazel-v1.4/01_mazel_multiprapose/img/portfolio/30.jpg]
[theme.nileforest.com/html/mazel-v1.4/01_mazel_multiprapose/home-agency-masonry.html]
[theme.nileforest.com/html/mazel-v1.4/01_mazel_multiprapose/home-fullwidth-slider.html]
[theme.nileforest.com/html/mazel-v1.4/01_mazel_multiprapose/js/plugin/jquery.simple-text-rotator.min.js]
[theme.nileforest.com/html/mazel-v1.4/01_mazel_multiprapose/home-text-rotator1.html]
[theme.nileforest.com/html/mazel-v1.4/01_mazel_multiprapose/home-text-rotator2.html]
[theme.nileforest.com/html/mazel-v1.4/01_mazel_multiprapose/home-personal.html]
[theme.nileforest.com/html/mazel-v1.4/01_mazel_multiprapose/home-fullscreen.html]
[theme.nileforest.com/html/mazel-v1.4/01_mazel_multiprapose/js/plugin/TweenLite.min.js]
[theme.nileforest.com/html/mazel-v1.4/01_mazel_multiprapose/js/plugin/EasePack.min.js]
[theme.nileforest.com/html/mazel-v1.4/01_mazel_multiprapose/js/plugin/pollyfill.js]
[theme.nileforest.com/html/mazel-v1.4/01_mazel_multiprapose/home-canvas-pattern.html]
[theme.nileforest.com/html/mazel-v1.4/01_mazel_multiprapose/js/plugin/jquery.fullPage.js]
[theme.nileforest.com/html/mazel-v1.4/01_mazel_multiprapose/home-section-scroll.html]
[theme.nileforest.com/html/mazel-v1.4/01_mazel_multiprapose/img/product/04.jpg]
[theme.nileforest.com/html/mazel-v1.4/01_mazel_multiprapose/img/product/05.jpg]
[theme.nileforest.com/html/mazel-v1.4/01_mazel_multiprapose/shop-2col.html]
[theme.nileforest.com/html/mazel-v1.4/01_mazel_multiprapose/img/full/31.jpg]
[theme.nileforest.com/html/mazel-v1.4/01_mazel_multiprapose/img/full/32.jpg]
[theme.nileforest.com/html/mazel-v1.4/01_mazel_multiprapose/home-revolution-slider1.html]
[theme.nileforest.com/html/mazel-v1.4/01_mazel_multiprapose/home-revolution-slider2.html]
[theme.nileforest.com/html/mazel-v1.4/01_mazel_multiprapose/js/plugin/jquery.downCount.js]
[theme.nileforest.com/html/mazel-v1.4/01_mazel_multiprapose/home-coming-soon.html]
[theme.nileforest.com/html/mazel-v1.4/01_mazel_multiprapose/img/about1.jpg]
[theme.nileforest.com/html/mazel-v1.4/01_mazel_multiprapose/js/plugin/jquery.singlePageNav.js]
[theme.nileforest.com/html/mazel-v1.4/01_mazel_multiprapose/onepage.html]
[theme.nileforest.com/html/mazel-v1.4/01_mazel_multiprapose/onepage-personal.html]
[theme.nileforest.com/html/mazel-v1.4/01_mazel_multiprapose/onepage-video.html]
[theme.nileforest.com/html/mazel-v1.4/01_mazel_multiprapose/onepage-youtube.html]
[theme.nileforest.com/html/mazel-v1.4/01_mazel_multiprapose/onepage-static.html]
[theme.nileforest.com/html/mazel-v1.4/01_mazel_multiprapose/onepage-fullwidth-slider.html]
[theme.nileforest.com/html/mazel-v1.4/01_mazel_multiprapose/onepage-text-rotator1.html]
[theme.nileforest.com/html/mazel-v1.4/01_mazel_multiprapose/onepage-text-rotator2.html]
[theme.nileforest.com/html/mazel-v1.4/01_mazel_multiprapose/onepage-canvas-pattern.html]
[theme.nileforest.com/html/mazel-v1.4/01_mazel_multiprapose/onepage-revolution-slider1.html]
[theme.nileforest.com/html/mazel-v1.4/01_mazel_multiprapose/onepage-revolution-slider2.html]
[theme.nileforest.com/html/mazel-v1.4/01_mazel_multiprapose/about-2.html]
[theme.nileforest.com/html/mazel-v1.4/01_mazel_multiprapose/about-3.html]
[theme.nileforest.com/html/mazel-v1.4/01_mazel_multiprapose/service-2.html]
[theme.nileforest.com/html/mazel-v1.4/01_mazel_multiprapose/service-3.html]
[theme.nileforest.com/html/mazel-v1.4/01_mazel_multiprapose/contact-2.html]
[theme.nileforest.com/html/mazel-v1.4/01_mazel_multiprapose/contact-3.html]
[theme.nileforest.com/html/mazel-v1.4/01_mazel_multiprapose/faq-2.html]
[theme.nileforest.com/html/mazel-v1.4/01_mazel_multiprapose/login.html]
[theme.nileforest.com/html/mazel-v1.4/01_mazel_multiprapose/register.html]
[theme.nileforest.com/html/mazel-v1.4/01_mazel_multiprapose/pricing.html]
[theme.nileforest.com/html/mazel-v1.4/01_mazel_multiprapose/404-error-2.html]
[theme.nileforest.com/html/mazel-v1.4/01_mazel_multiprapose/img/portfolio/31.jpg]
[theme.nileforest.com/html/mazel-v1.4/01_mazel_multiprapose/sidebar-left.html]
[theme.nileforest.com/html/mazel-v1.4/01_mazel_multiprapose/sidebar-right.html]
[theme.nileforest.com/html/mazel-v1.4/01_mazel_multiprapose/blank-page.html]
[theme.nileforest.com/html/mazel-v1.4/01_mazel_multiprapose/portfolio-grid-2col-no_spacing.html]
[theme.nileforest.com/html/mazel-v1.4/01_mazel_multiprapose/portfolio-grid-3col.html]
[theme.nileforest.com/html/mazel-v1.4/01_mazel_multiprapose/portfolio-grid-3col-no_spacing.html]
[theme.nileforest.com/html/mazel-v1.4/01_mazel_multiprapose/portfolio-grid-4col.html]
[theme.nileforest.com/html/mazel-v1.4/01_mazel_multiprapose/portfolio-grid-4col-no_spacing.html]
[theme.nileforest.com/html/mazel-v1.4/01_mazel_multiprapose/portfolio-masonry-2col.html]
[theme.nileforest.com/html/mazel-v1.4/01_mazel_multiprapose/portfolio-masonry-2col-no_spacing.html]
[theme.nileforest.com/html/mazel-v1.4/01_mazel_multiprapose/portfolio-masonry-3col.html]
[theme.nileforest.com/html/mazel-v1.4/01_mazel_multiprapose/portfolio-masonry-3col-no_spacing.html]
[theme.nileforest.com/html/mazel-v1.4/01_mazel_multiprapose/portfolio-masonry-4col.html]
[theme.nileforest.com/html/mazel-v1.4/01_mazel_multiprapose/portfolio-masonry-4col-no_spacing.html]
[theme.nileforest.com/html/mazel-v1.4/01_mazel_multiprapose/portfolio-wide-grid.html]
[theme.nileforest.com/html/mazel-v1.4/01_mazel_multiprapose/portfolio-wide-grid-no_spacing.html]
[theme.nileforest.com/html/mazel-v1.4/01_mazel_multiprapose/portfolio-wide-masonry.html]
[theme.nileforest.com/html/mazel-v1.4/01_mazel_multiprapose/portfolio-wide-masonry-no_spacing.html]
[theme.nileforest.com/html/mazel-v1.4/01_mazel_multiprapose/img/portfolio/28.jpg]
[theme.nileforest.com/html/mazel-v1.4/01_mazel_multiprapose/portfolio-classical-spacing.html]
[theme.nileforest.com/html/mazel-v1.4/01_mazel_multiprapose/portfolio-classical-no_spacing.html]
[theme.nileforest.com/html/mazel-v1.4/01_mazel_multiprapose/portfolio-lightbox-grid.html]
[theme.nileforest.com/html/mazel-v1.4/01_mazel_multiprapose/portfolio-lightbox-masonry.html]
[theme.nileforest.com/html/mazel-v1.4/01_mazel_multiprapose/portfolio-single1.html]
[theme.nileforest.com/html/mazel-v1.4/01_mazel_multiprapose/portfolio-single2.html]
[theme.nileforest.com/html/mazel-v1.4/01_mazel_multiprapose/portfolio-single3.html]
[theme.nileforest.com/html/mazel-v1.4/01_mazel_multiprapose/img/portfolio/19.jpg]
[theme.nileforest.com/html/mazel-v1.4/01_mazel_multiprapose/img/portfolio/16.jpg]
[theme.nileforest.com/html/mazel-v1.4/01_mazel_multiprapose/portfolio-single4.html]
[theme.nileforest.com/html/mazel-v1.4/01_mazel_multiprapose/portfolio-single5-slider.html]
[theme.nileforest.com/html/mazel-v1.4/01_mazel_multiprapose/portfolio-single6-video.html]
[theme.nileforest.com/html/mazel-v1.4/01_mazel_multiprapose/portfolio-single7-youtube.html]
[theme.nileforest.com/html/mazel-v1.4/01_mazel_multiprapose/portfolio-single8-vimeo.html]
[theme.nileforest.com/html/mazel-v1.4/01_mazel_multiprapose/blog-grid-2col.html]
[theme.nileforest.com/html/mazel-v1.4/01_mazel_multiprapose/blog-grid-2col-sidebar.html]
[theme.nileforest.com/html/mazel-v1.4/01_mazel_multiprapose/blog-masonry-2col.html]
[theme.nileforest.com/html/mazel-v1.4/01_mazel_multiprapose/blog-masonry-2col-sidebar.html]
[theme.nileforest.com/html/mazel-v1.4/01_mazel_multiprapose/blog-masonry-3col.html]
[theme.nileforest.com/html/mazel-v1.4/01_mazel_multiprapose/blog-1col.html]
[theme.nileforest.com/html/mazel-v1.4/01_mazel_multiprapose/blog-1col-sidebar.html]
[theme.nileforest.com/html/mazel-v1.4/01_mazel_multiprapose/img/user-av.jpg]
[theme.nileforest.com/html/mazel-v1.4/01_mazel_multiprapose/blog-single-image-post.html]
[theme.nileforest.com/html/mazel-v1.4/01_mazel_multiprapose/blog-single-slider-post.html]
[theme.nileforest.com/html/mazel-v1.4/01_mazel_multiprapose/blog-single-video-post.html]
[theme.nileforest.com/html/mazel-v1.4/01_mazel_multiprapose/blog-single-audio-post.html]
[theme.nileforest.com/html/mazel-v1.4/01_mazel_multiprapose/blog-single-youtube-post.html]
[theme.nileforest.com/html/mazel-v1.4/01_mazel_multiprapose/blog-single-vimeo-post.html]
[theme.nileforest.com/html/mazel-v1.4/01_mazel_multiprapose/blog-single-quote-post.html]
[theme.nileforest.com/html/mazel-v1.4/01_mazel_multiprapose/element-components.html]
[theme.nileforest.com/html/mazel-v1.4/01_mazel_multiprapose/element-tabs-and-accordian.html]
[theme.nileforest.com/html/mazel-v1.4/01_mazel_multiprapose/element-slider.html]
[theme.nileforest.com/html/mazel-v1.4/01_mazel_multiprapose/element-team.html]
[theme.nileforest.com/html/mazel-v1.4/01_mazel_multiprapose/element-pricing.html]
[theme.nileforest.com/html/mazel-v1.4/01_mazel_multiprapose/element-video-and-audio.html]
[theme.nileforest.com/html/mazel-v1.4/01_mazel_multiprapose/element-typography.html]
[theme.nileforest.com/html/mazel-v1.4/01_mazel_multiprapose/img/product/08.jpg]
[theme.nileforest.com/html/mazel-v1.4/01_mazel_multiprapose/shop-3col.html]
[theme.nileforest.com/html/mazel-v1.4/01_mazel_multiprapose/shop-4col.html]
[theme.nileforest.com/html/mazel-v1.4/01_mazel_multiprapose/shop-left-sidebar.html]
[theme.nileforest.com/html/mazel-v1.4/01_mazel_multiprapose/shop-right-sidebar.html]
[theme.nileforest.com/html/mazel-v1.4/01_mazel_multiprapose/js/plugin/smoothproducts.js]
[theme.nileforest.com/html/mazel-v1.4/01_mazel_multiprapose/shop-detail.html]
[theme.nileforest.com/html/mazel-v1.4/01_mazel_multiprapose/css/plugin/flexslider.css]
[theme.nileforest.com/html/mazel-v1.4/01_mazel_multiprapose/css/plugin/owl.carousel.css]
[theme.nileforest.com/html/mazel-v1.4/01_mazel_multiprapose/media/img/bigplay.png]
[theme.nileforest.com/html/mazel-v1.4/01_mazel_multiprapose/media/img/loading.gif]
[theme.nileforest.com/html/mazel-v1.4/01_mazel_multiprapose/media/img/controls.png]
[theme.nileforest.com/html/mazel-v1.4/01_mazel_multiprapose/media/img/background.png]
[theme.nileforest.com/html/mazel-v1.4/01_mazel_multiprapose/media/img/skipback.png]
[theme.nileforest.com/html/mazel-v1.4/01_mazel_multiprapose/css/plugin/mediaelementplayer.css]
[theme.nileforest.com/html/mazel-v1.4/01_mazel_multiprapose/img/cbox-controls.png]
[theme.nileforest.com/html/mazel-v1.4/01_mazel_multiprapose/css/plugin/colorbox.css]
[theme.nileforest.com/html/mazel-v1.4/01_mazel_multiprapose/css/plugin/jquery.fs.tipper.css]
[theme.nileforest.com/html/mazel-v1.4/01_mazel_multiprapose/fonts/glyphicons-halflings-regular.html]
[theme.nileforest.com/html/mazel-v1.4/01_mazel_multiprapose/fonts/glyphicons-halflings-regulard41d.html]
[theme.nileforest.com/html/mazel-v1.4/01_mazel_multiprapose/fonts/glyphicons-halflings-regular-2.html]
[theme.nileforest.com/html/mazel-v1.4/01_mazel_multiprapose/fonts/glyphicons-halflings-regular-3.html]
[theme.nileforest.com/html/mazel-v1.4/01_mazel_multiprapose/fonts/glyphicons-halflings-regular-4.html]
[theme.nileforest.com/html/mazel-v1.4/01_mazel_multiprapose/fonts/fontawesome-webfont78ce.svg]
[theme.nileforest.com/html/mazel-v1.4/01_mazel_multiprapose/fonts/ionicons28b5.svg]
[theme.nileforest.com/html/mazel-v1.4/01_mazel_multiprapose/css/images/ui-bg_highlight-soft_100_eeeeee_1x100.html]
[theme.nileforest.com/html/mazel-v1.4/01_mazel_multiprapose/css/images/ui-bg_gloss-wave_35_f6a828_500x100.html]
[theme.nileforest.com/html/mazel-v1.4/01_mazel_multiprapose/css/images/ui-bg_glass_100_f6f6f6_1x400.html]
[theme.nileforest.com/html/mazel-v1.4/01_mazel_multiprapose/css/images/ui-bg_glass_100_fdf5ce_1x400.html]
[theme.nileforest.com/html/mazel-v1.4/01_mazel_multiprapose/css/images/ui-bg_glass_65_ffffff_1x400.html]
[theme.nileforest.com/html/mazel-v1.4/01_mazel_multiprapose/css/images/ui-bg_highlight-soft_75_ffe45c_1x100.html]
[theme.nileforest.com/html/mazel-v1.4/01_mazel_multiprapose/css/images/ui-bg_diagonals-thick_18_b81900_40x40.html]
[theme.nileforest.com/html/mazel-v1.4/01_mazel_multiprapose/css/images/ui-icons_222222_256x240.html]
[theme.nileforest.com/html/mazel-v1.4/01_mazel_multiprapose/css/images/ui-icons_ffffff_256x240.html]
[theme.nileforest.com/html/mazel-v1.4/01_mazel_multiprapose/css/images/ui-icons_ef8c08_256x240.html]
[theme.nileforest.com/html/mazel-v1.4/01_mazel_multiprapose/css/images/ui-icons_228ef1_256x240.html]
[theme.nileforest.com/html/mazel-v1.4/01_mazel_multiprapose/css/images/ui-icons_ffd27a_256x240.html]
[theme.nileforest.com/html/mazel-v1.4/01_mazel_multiprapose/css/images/ui-bg_diagonals-thick_20_666666_40x40.html]
[theme.nileforest.com/html/mazel-v1.4/01_mazel_multiprapose/css/images/ui-bg_flat_10_000000_40x100.html]
[theme.nileforest.com/html/mazel-v1.4/01_mazel_multiprapose/media/echo-hereweare.html]
[theme.nileforest.com/html/mazel-v1.4/01_mazel_multiprapose/media/video1.mp4]
[theme.nileforest.com/html/mazel-v1.4/01_mazel_multiprapose/media/video1.webm]
[theme.nileforest.com/html/mazel-v1.4/01_mazel_multiprapose/media/video1.ogv]
[theme.nileforest.com/html/mazel-v1.4/01_mazel_multiprapose/media/track1.mp3]
[theme.nileforest.com/html/mazel-v1.4/01_mazel_multiprapose/plugin/rs-plugin/images/gradient/g30.png]
[theme.nileforest.com/html/mazel-v1.4/01_mazel_multiprapose/plugin/rs-plugin/images/gradient/g40.png]
[theme.nileforest.com/html/mazel-v1.4/01_mazel_multiprapose/plugin/rs-plugin/assets/shadow1.png]
[theme.nileforest.com/html/mazel-v1.4/01_mazel_multiprapose/plugin/rs-plugin/assets/shadow2.png]
[theme.nileforest.com/html/mazel-v1.4/01_mazel_multiprapose/plugin/rs-plugin/assets/shadow3.png]
[theme.nileforest.com/html/mazel-v1.4/01_mazel_multiprapose/plugin/rs-plugin/assets/gridtile_white.png]
[theme.nileforest.com/html/mazel-v1.4/01_mazel_multiprapose/plugin/rs-plugin/assets/gridtile_3x3.png]
[theme.nileforest.com/html/mazel-v1.4/01_mazel_multiprapose/plugin/rs-plugin/assets/gridtile_3x3_white.png]
[theme.nileforest.com/html/mazel-v1.4/01_mazel_multiprapose/plugin/rs-plugin/assets/boxed_bgtile.png]
[theme.nileforest.com/html/mazel-v1.4/01_mazel_multiprapose/plugin/rs-plugin/assets/navigdots_bgtile.png]
[theme.nileforest.com/html/mazel-v1.4/01_mazel_multiprapose/plugin/rs-plugin/assets/bullet.png]
[theme.nileforest.com/html/mazel-v1.4/01_mazel_multiprapose/plugin/rs-plugin/assets/bullets.png]
[theme.nileforest.com/html/mazel-v1.4/01_mazel_multiprapose/plugin/rs-plugin/assets/bullets2.png]
[theme.nileforest.com/html/mazel-v1.4/01_mazel_multiprapose/plugin/rs-plugin/assets/bullet_boxed.png]
[theme.nileforest.com/html/mazel-v1.4/01_mazel_multiprapose/plugin/rs-plugin/assets/navigdots.png]
[theme.nileforest.com/html/mazel-v1.4/01_mazel_multiprapose/plugin/rs-plugin/assets/large_left.png]
[theme.nileforest.com/html/mazel-v1.4/01_mazel_multiprapose/plugin/rs-plugin/assets/large_right.png]
[theme.nileforest.com/html/mazel-v1.4/01_mazel_multiprapose/plugin/rs-plugin/assets/small_left.png]
[theme.nileforest.com/html/mazel-v1.4/01_mazel_multiprapose/plugin/rs-plugin/assets/small_right.png]
[theme.nileforest.com/html/mazel-v1.4/01_mazel_multiprapose/plugin/rs-plugin/assets/arrow_left.png]
[theme.nileforest.com/html/mazel-v1.4/01_mazel_multiprapose/plugin/rs-plugin/assets/arrow_right.png]
[theme.nileforest.com/html/mazel-v1.4/01_mazel_multiprapose/plugin/rs-plugin/assets/small_left_boxed.png]
[theme.nileforest.com/html/mazel-v1.4/01_mazel_multiprapose/plugin/rs-plugin/assets/small_right_boxed.png]
[theme.nileforest.com/html/mazel-v1.4/01_mazel_multiprapose/plugin/rs-plugin/assets/arrowleft.png]
[theme.nileforest.com/html/mazel-v1.4/01_mazel_multiprapose/plugin/rs-plugin/assets/arrowright.png]
[theme.nileforest.com/html/mazel-v1.4/01_mazel_multiprapose/plugin/rs-plugin/assets/arrow_left2.png]
[theme.nileforest.com/html/mazel-v1.4/01_mazel_multiprapose/plugin/rs-plugin/assets/arrow_right2.png]
[theme.nileforest.com/html/mazel-v1.4/01_mazel_multiprapose/plugin/rs-plugin/assets/timer.png]
[theme.nileforest.com/html/mazel-v1.4/01_mazel_multiprapose/plugin/rs-plugin/assets/coloredbg.png]
[theme.nileforest.com/html/mazel-v1.4/01_mazel_multiprapose/plugin/rs-plugin/assets/loader.gif]
[theme.nileforest.com/html/mazel-v1.4/01_mazel_multiprapose/plugin/rs-plugin/font/revicons90c6.eot]
[theme.nileforest.com/html/mazel-v1.4/01_mazel_multiprapose/plugin/rs-plugin/font/revicons90c6.woff]
[theme.nileforest.com/html/mazel-v1.4/01_mazel_multiprapose/plugin/rs-plugin/font/revicons90c6.ttf]
[theme.nileforest.com/html/mazel-v1.4/01_mazel_multiprapose/plugin/rs-plugin/css/settings.css]
[theme.nileforest.com/html/mazel-v1.4/01_mazel_multiprapose/css/plugin/jPushMenu.html]
[theme.nileforest.com/html/mazel-v1.4/01_mazel_multiprapose/css/plugin/YTPlayer.css]
[theme.nileforest.com/html/mazel-v1.4/01_mazel_multiprapose/js/plugin/background-check.min.html]
[theme.nileforest.com/html/mazel-v1.4/01_mazel_multiprapose/css/plugin/jquery.fullPage.css]
[theme.nileforest.com/html/mazel-v1.4/01_mazel_multiprapose/css/plugin/smoothproducts.css]
[theme.nileforest.com/html/mazel-v1.4/01_mazel_multiprapose/css/plugin/fonts/flexslider-icon.html]
[theme.nileforest.com/html/mazel-v1.4/01_mazel_multiprapose/css/plugin/fonts/flexslider-icond41d.html]
[theme.nileforest.com/html/mazel-v1.4/01_mazel_multiprapose/css/plugin/fonts/flexslider-icon-2.html]
[theme.nileforest.com/html/mazel-v1.4/01_mazel_multiprapose/css/plugin/fonts/flexslider-icon-3.html]
[theme.nileforest.com/html/mazel-v1.4/01_mazel_multiprapose/css/plugin/fonts/flexslider-icon-4.html]
[theme.nileforest.com/html/mazel-v1.4/01_mazel_multiprapose/css/plugin/grabbing.html]
[theme.nileforest.com/html/mazel-v1.4/01_mazel_multiprapose/css/plugin/AjaxLoader.html]
[theme.nileforest.com/html/mazel-v1.4/01_mazel_multiprapose/plugin/rs-plugin/font/revicons90c6.svg]
[theme.nileforest.com/html/mazel-v1.4/01_mazel_multiprapose/css/plugin/ytp-regular.html]
[theme.nileforest.com/html/mazel-v1.4/01_mazel_multiprapose/css/plugin/ytp-regular-2.html]
[theme.nileforest.com/html/mazel-v1.4/01_mazel_multiprapose/css/images/raster.html]
[theme.nileforest.com/html/mazel-v1.4/01_mazel_multiprapose/css/images/raster@2x.html]
[theme.nileforest.com/html/mazel-v1.4/01_mazel_multiprapose/css/images/raster_dot.html]
[theme.nileforest.com/html/mazel-v1.4/01_mazel_multiprapose/css/images/raster_dot@2x.html]
[theme.nileforest.com/html/mazel-v1.4/01_mazel_multiprapose/media/video1.ogv]
[theme.nileforest.com/html/mazel-v1.4/01_mazel_multiprapose/media/video1.webm]
[theme.nileforest.com/html/mazel-v1.4/01_mazel_multiprapose/media/track1.mp3]
