[the8guild.com/themes/html/eattie/v1.3/home-slideshow.html]
[backblue.gif]
[fade.gif]
[index.html]
[the8guild.com/themes/html/eattie/v1.3/favicon.ico]
[the8guild.com/themes/html/eattie/v1.3/img/logo-big.png]
[the8guild.com/themes/html/eattie/v1.3/img/intro/1.jpg]
[the8guild.com/themes/html/eattie/v1.3/img/intro/2.jpg]
[the8guild.com/themes/html/eattie/v1.3/img/intro/3.jpg]
[the8guild.com/themes/html/eattie/v1.3/menu1.html]
[the8guild.com/themes/html/eattie/v1.3/menu2.html]
[the8guild.com/themes/html/eattie/v1.3/reviews.html]
[the8guild.com/themes/html/eattie/v1.3/reviews-single.html]
[the8guild.com/themes/html/eattie/v1.3/recipes.html]
[the8guild.com/themes/html/eattie/v1.3/img/about/icon1.png]
[the8guild.com/themes/html/eattie/v1.3/img/about/icon2.png]
[the8guild.com/themes/html/eattie/v1.3/img/about/icon3.png]
[the8guild.com/themes/html/eattie/v1.3/img/about/1.jpg]
[the8guild.com/themes/html/eattie/v1.3/img/about/2.jpg]
[the8guild.com/themes/html/eattie/v1.3/img/about/3.jpg]
[the8guild.com/themes/html/eattie/v1.3/img/news/1.png]
[the8guild.com/themes/html/eattie/v1.3/img/news/3.png]
[the8guild.com/themes/html/eattie/v1.3/img/app/bread.png]
[the8guild.com/themes/html/eattie/v1.3/img/app/drop.png]
[the8guild.com/themes/html/eattie/v1.3/img/app/cheese.png]
[the8guild.com/themes/html/eattie/v1.3/img/app/chili.png]
[the8guild.com/themes/html/eattie/v1.3/home-slideshow.html]
[fonts.googleapis.com/css37a7.css]
[fonts.googleapis.com/csscd33.css]
[the8guild.com/themes/html/eattie/v1.3/img/menu/default.jpg]
[the8guild.com/themes/html/eattie/v1.3/img/menu/m_1.jpg]
[the8guild.com/themes/html/eattie/v1.3/img/menu/m_2.jpg]
[the8guild.com/themes/html/eattie/v1.3/img/menu/m_3.jpg]
[the8guild.com/themes/html/eattie/v1.3/img/menu/m_4.jpg]
[the8guild.com/themes/html/eattie/v1.3/img/menu/m_5.jpg]
[the8guild.com/themes/html/eattie/v1.3/img/menu/m_6.jpg]
[the8guild.com/themes/html/eattie/v1.3/menu1.html]
[the8guild.com/themes/html/eattie/v1.3/menu2.html]
[the8guild.com/themes/html/eattie/v1.3/reviews.html]
[the8guild.com/themes/html/eattie/v1.3/reviews-single.html]
[the8guild.com/themes/html/eattie/v1.3/img/recipes/default.jpg]
[the8guild.com/themes/html/eattie/v1.3/img/recipes/r_1.jpg]
[the8guild.com/themes/html/eattie/v1.3/img/recipes/r_2.jpg]
[the8guild.com/themes/html/eattie/v1.3/img/recipes/r_3.jpg]
[the8guild.com/themes/html/eattie/v1.3/img/recipes/r_4.jpg]
[the8guild.com/themes/html/eattie/v1.3/img/recipes/r_5.jpg]
[the8guild.com/themes/html/eattie/v1.3/recipes.html]
[the8guild.com/themes/html/eattie/v1.3/recipes-single.html]
[the8guild.com/themes/html/eattie/v1.3/recipes-single.html]
[the8guild.com/themes/html/eattie/v1.3/img/logo-big.png]
[the8guild.com/themes/html/eattie/v1.3/img/intro/1.jpg]
[the8guild.com/themes/html/eattie/v1.3/fonts/fontawesome-webfonte0a5.eot]
[the8guild.com/themes/html/eattie/v1.3/fonts/fontawesome-webfonte0a5.woff2]
[the8guild.com/themes/html/eattie/v1.3/fonts/fontawesome-webfonte0a5.ttf]
[the8guild.com/themes/html/eattie/v1.3/css/font-awesome.min.css]
[the8guild.com/themes/html/eattie/v1.3/css/animate-custom.css]
[the8guild.com/themes/html/eattie/v1.3/img/intro/3.jpg]
[the8guild.com/themes/html/eattie/v1.3/img/about/icon1.png]
[the8guild.com/themes/html/eattie/v1.3/js/libs/modernizr.custom.js]
[the8guild.com/themes/html/eattie/v1.3/img/about/icon2.png]
[the8guild.com/themes/html/eattie/v1.3/img/logo-big.svg]
[the8guild.com/themes/html/eattie/v1.3/menu1.html]
[the8guild.com/themes/html/eattie/v1.3/img/about/icon3.png]
[the8guild.com/themes/html/eattie/v1.3/img/about/icon1.svg]
[the8guild.com/themes/html/eattie/v1.3/img/about/1.jpg]
[the8guild.com/themes/html/eattie/v1.3/img/about/icon2.svg]
[the8guild.com/themes/html/eattie/v1.3/img/about/2.jpg]
[the8guild.com/themes/html/eattie/v1.3/img/about/icon3.svg]
[the8guild.com/themes/html/eattie/v1.3/img/news/3.png]
[the8guild.com/themes/html/eattie/v1.3/img/app/bread.png]
[the8guild.com/themes/html/eattie/v1.3/img/app/drop.png]
[the8guild.com/themes/html/eattie/v1.3/img/app/bread.svg]
[the8guild.com/themes/html/eattie/v1.3/img/app/cheese.png]
[the8guild.com/themes/html/eattie/v1.3/img/app/drop.svg]
[the8guild.com/themes/html/eattie/v1.3/img/app/chili.png]
[the8guild.com/themes/html/eattie/v1.3/img/app/cheese.svg]
[the8guild.com/themes/html/eattie/v1.3/img/menu/default.jpg]
[the8guild.com/themes/html/eattie/v1.3/img/app/chili.svg]
[the8guild.com/themes/html/eattie/v1.3/img/menu/m_1.jpg]
[the8guild.com/themes/html/eattie/v1.3/js/libs/jquery-1.11.2.min.js]
[the8guild.com/themes/html/eattie/v1.3/img/menu/m_2.jpg]
[the8guild.com/themes/html/eattie/v1.3/js/libs/jquery.easing.1.3.js]
[the8guild.com/themes/html/eattie/v1.3/img/menu/m_4.jpg]
[the8guild.com/themes/html/eattie/v1.3/img/menu/m_3.jpg]
[the8guild.com/themes/html/eattie/v1.3/img/menu/m_5.jpg]
[the8guild.com/themes/html/eattie/v1.3/img/recipes/default.jpg]
[the8guild.com/themes/html/eattie/v1.3/js/plugins/bootstrap.min.js]
[the8guild.com/themes/html/eattie/v1.3/img/menu/m_6.jpg]
[the8guild.com/themes/html/eattie/v1.3/js/plugins/jquery.touchSwipe.min.js]
[the8guild.com/themes/html/eattie/v1.3/js/plugins/jquery.cycle.min.js]
[the8guild.com/themes/html/eattie/v1.3/js/plugins/waypoints.min.js]
[the8guild.com/themes/html/eattie/v1.3/img/recipes/r_1.jpg]
[the8guild.com/themes/html/eattie/v1.3/js/plugins/waypoints-sticky.min.js]
[the8guild.com/themes/html/eattie/v1.3/img/recipes/r_2.jpg]
[the8guild.com/themes/html/eattie/v1.3/js/plugins/datepicker.min.js]
[the8guild.com/themes/html/eattie/v1.3/img/recipes/r_3.jpg]
[the8guild.com/themes/html/eattie/v1.3/img/recipes/r_4.jpg]
[the8guild.com/themes/html/eattie/v1.3/js/plugins/timepicker.min.js]
[the8guild.com/themes/html/eattie/v1.3/js/plugins/jquery.validate.min.js]
[the8guild.com/themes/html/eattie/v1.3/img/recipes/r_5.jpg]
[the8guild.com/themes/html/eattie/v1.3/img/marker.4a.delayed]
[the8guild.com/themes/html/eattie/v1.3/js/scripts-main.js]
[the8guild.com/themes/html/eattie/v1.3/js/scripts-secondary.js]
[the8guild.com/themes/html/eattie/v1.3/js/plugins/jquery.raty.min.js]
[the8guild.com/themes/html/eattie/v1.3/img/news/2.png]
[the8guild.com/themes/html/eattie/v1.3/recipes-single.html]
[the8guild.com/themes/html/eattie/v1.3/css/bootstrap.min.css]
[the8guild.com/themes/html/eattie/v1.3/fonts/fontawesome-webfonte0a5.svg]
[the8guild.com/themes/html/eattie/v1.3/fonts/fontawesome-webfontd41d.eot]
[the8guild.com/themes/html/eattie/v1.3/img/logo-small.png]
[the8guild.com/themes/html/eattie/v1.3/img/logo-small.png]
[the8guild.com/themes/html/eattie/v1.3/img/services/services-icons-sprite.png]
[the8guild.com/themes/html/eattie/v1.3/img/services/services-icons-sprite.png]
[the8guild.com/themes/html/eattie/v1.3/img/app/google-play.png]
[the8guild.com/themes/html/eattie/v1.3/img/app/phone.png]
[the8guild.com/themes/html/eattie/v1.3/img/app/phone.png]
[the8guild.com/themes/html/eattie/v1.3/img/recipes/arrowDown.png]
[the8guild.com/themes/html/eattie/v1.3/img/recipes/arrowDown.png]
[the8guild.com/themes/html/eattie/v1.3/img/recipes/arrowRight.png]
[the8guild.com/themes/html/eattie/v1.3/img/recipes/back-to-list.png]
[the8guild.com/themes/html/eattie/v1.3/img/rating/off.png]
[the8guild.com/themes/html/eattie/v1.3/img/recipes/back-to-list.png]
[the8guild.com/themes/html/eattie/v1.3/css/style.css]
[the8guild.com/themes/html/eattie/v1.3/Popover requires tooltip.html]
[the8guild.com/themes/html/eattie/v1.3/fonts/glyphicons-halflings-regular.html]
[the8guild.com/themes/html/eattie/v1.3/img/rating/on.png]
[the8guild.com/themes/html/eattie/v1.3/fonts/glyphicons-halflings-regular-2.html]
[the8guild.com/themes/html/eattie/v1.3/fonts/glyphicons-halflings-regular-3.html]
[the8guild.com/themes/html/eattie/v1.3/fonts/glyphicons-halflings-regular-4.html]
[the8guild.com/themes/html/eattie/v1.3/fonts/glyphicons-halflings-regular-5.html]
[the8guild.com/themes/html/eattie/v1.3/img/rating/off.png]
[the8guild.com/themes/html/eattie/v1.3/img/logo-small.svg]
[the8guild.com/themes/html/eattie/v1.3/img/services/services-icons-sprite.svg]
[the8guild.com/themes/html/eattie/v1.3/img/app/appstore.svg]
[the8guild.com/themes/html/eattie/v1.3/img/app/screen.jpg]
[the8guild.com/themes/html/eattie/v1.3/img/app/google-play.svg]
[the8guild.com/themes/html/eattie/v1.3/fonts/fontawesome-webfonte0a5.woff]
[the8guild.com/themes/html/eattie/v1.3/img/forms/calendar-arrows.png]
[the8guild.com/themes/html/eattie/v1.3/img/recipes/arrowDown.svg]
[the8guild.com/themes/html/eattie/v1.3/img/recipes/arrowRight.svg]
[the8guild.com/themes/html/eattie/v1.3/img/recipes/back-to-list.svg]
[the8guild.com/themes/html/eattie/v1.3/img/app/appstore.png]
[the8guild.com/themes/html/eattie/v1.3/fonts/glyphicons-halflings-regulard41d.eot]
[the8guild.com/themes/html/eattie/v1.3/img/forms/calendar-arrows.svg]
